2026-08-26T21:05:33.814467  WARN ipma_log::zh: 日志初始化警告: 创建日志文件 /var/log/ipma/2026-08-26-21-05.zh.log 失败: Permission denied (os error 13)
2026-08-26T21:05:33.815332  WARN ipma_log::zh: 日志初始化警告: 创建日志文件 /var/log/ipma/2026-08-26-21-05.en.log 失败: Permission denied (os error 13)
2026-08-26T21:05:33.815648  INFO ipma_log::zh: 日志输出到: ipma.zh.log, ipma.en.log
2026-08-26T21:05:33.815686  INFO ipma_log::zh: 启动IPMA服务器...
2026-08-26T21:05:33.815706  INFO ipma_log::zh: 加载配置成功
2026-08-26T21:05:33.817002  WARN ipma_log::zh: 无法创建密钥备份: Permission denied (os error 13)，不影响正常运行
2026-08-26T21:05:33.817034  INFO ipma_log::zh: 加密密钥完整性检查通过
2026-08-26T21:05:33.817057  INFO ipma_log::zh: 主密钥路径: /etc/ipma/encryption.key
2026-08-26T21:05:33.817081  INFO ipma_log::zh: 备份密钥路径: /etc/ipma/encryption.key.backup
2026-08-26T21:05:33.817119  WARN ipma_log::zh: 读取备份密钥失败: Permission denied (os error 13)
2026-08-26T21:05:34.084526  INFO ipma_log::zh: 数据库连接池创建成功: max=20, min=5, acquire_timeout=15s, idle_timeout=60s, max_lifetime=1800s
2026-08-26T21:05:34.084569  INFO ipma_log::zh: 系统启动时间初始化完成
2026-08-26T21:05:34.084900  INFO ipma_log::zh: 应用层 Fail2ban 清理任务已启动
2026-08-26T21:05:34.088002  INFO ipma_log::zh: 定时任务调度器启动成功
2026-08-26T21:05:34.088026  INFO ipma_log::zh: 调度器启动成功
2026-08-26T21:05:34.088049  INFO ipma_log::zh: 数据库连接池健康检查任务已启动（间隔 30 秒）
2026-08-26T21:05:34.089288  INFO ipma_log::zh: 速率限制中间件已启用
2026-08-26T21:05:34.089314  INFO ipma_log::zh: IP限制: 1000/60秒
2026-08-26T21:05:34.089334  INFO ipma_log::zh: 用户限制: 200/60秒
2026-08-26T21:05:34.089354  INFO ipma_log::zh: 登录限制: 5/60秒
2026-08-26T21:05:34.089372  INFO ipma_log::zh: 邮件发送限制: 5/3600秒
2026-08-26T21:05:34.089417  INFO ipma_log::zh: 初始化模式已禁用: 完整应用路由可用
2026-08-26T21:05:34.089436  INFO ipma_log::zh: 监听方式: UDS (/tmp/ipma-dev.sock)
2026-08-26T21:05:34.089454  INFO ipma_log::zh: 静态文件托管: nginx
2026-08-26T21:05:34.090550  WARN ipma: 设置 UDS socket 属组为 nginx 失败（非 root 运行？），保持仅属主可访问: Operation not permitted (os error 1)
2026-08-26T21:05:34.097048  INFO ipma_log::zh: UDS 服务器启动 (h2c): /tmp/ipma-dev.sock
2026-08-26T21:05:34.097077  INFO ipma_log::zh: 系统启动完成，等待请求...
2026-08-26T21:05:48.239564  INFO ipma_log::zh: 用户 admin 登录成功
2026-08-26T21:05:48.240068  WARN ipma_log::zh: 打开认证日志文件 /var/log/ipma/auth.log 失败: Permission denied (os error 13)
2026-08-26T21:37:32.416238  INFO ipma_log::zh: 收到 SIGTERM 信号
2026-08-26T21:37:32.416265  INFO ipma_log::zh: 收到关闭信号，开始优雅关闭
2026-08-26T21:37:32.416321  INFO ipma_log::zh: JWT缓存清理任务收到关闭信号，停止运行
2026-08-26T21:37:32.416358  INFO ipma_log::zh: 数据库连接池健康检查任务收到关闭信号，停止运行
2026-08-26T21:37:32.416369  INFO ipma_log::zh: 1. 停止接收新连接并等待请求完成...
2026-08-26T21:37:32.416385  INFO ipma_log::zh: 速率限制清理任务收到关闭信号，停止运行
2026-08-26T21:37:32.417115  INFO ipma_log::zh: 服务器已停止接收新连接
2026-08-26T21:37:32.417133  INFO ipma_log::zh: 2. 等待服务器任务结束...
2026-08-26T21:37:32.417145  INFO ipma_log::zh: 所有服务器任务已结束
2026-08-26T21:37:32.417156  INFO ipma_log::zh: 3. 关闭后台任务...
2026-08-26T21:37:33.418354  INFO ipma_log::zh: 后台任务已发送关闭信号
2026-08-26T21:37:33.418415  INFO ipma_log::zh: 4. 关闭调度器...
2026-08-26T21:37:33.418458  INFO ipma_log::zh: 调度器已关闭
2026-08-26T21:37:33.418495  INFO ipma_log::zh: 5. 关闭数据库连接池...
2026-08-26T21:37:33.421982  INFO ipma_log::zh: 数据库连接池已关闭
2026-08-26T21:37:33.422054  INFO ipma_log::zh: 系统已优雅关闭
